OK /d0 : OK 1 : OK 2 : OK 3 -1 1 2 2 f0 : OK 2 2 Kio= : OK /d0/f1 : OK 5 -1 1 1 2 f1 : OK /d0/f1 : OK 6 -1 0