OK /.jraf.sys/users : OK http://server/jraf? : OK u a@b.c 10000 20170123123456 1 home/19d8be878d0500dc