OK /.jraf.sys/users : OK http://server/jraf? : OK a admin@server.com 10000 20170123123456 1 home/34d3ae7c5e2cdebb : OK u * * * * *