OK /aaa : OK 1 -1 1 1 -1 aaa : JRAF_FAIL system path