OK /aaa : OK 10 : OK 20 : OK 3 -1 : OK 3 -1 1 2 20 bbb : OK 2 20 MTIzNDU2Nzg5MDEyMzQ1Njc4OTA= : OK 10 : OK 3 10 MTIzNDU2Nzg5MA==