OK /aaa : OK 10 : OK /aaa/ccc : OK 1 10 MTIzNDU2Nzg5MA== : JRAF_ERR bad path /aaa/bbb