OK /aaa/bbb : OK 1 -1 : OK 10 : OK 2 -1 : OK 10 : OK 3 -1 : OK 20 : OK 4 -1 : OK 4 -1 3 1 -1 bbb 1 10 c1 2 20 c2 : OK 4 -1 : OK /aaa/c1 : OK 5 -1 : OK /aaa/c3 : OK 7 -1 : OK 7 -1 2 1 -1 bbb 1 20 c3 : OK 7 -1
==
bbb
c3
