OK /aaa/bbb : OK 1 -1 : JRAF_FAIL cannot create /aaa/bbb
==
bbb
