OK  : OK 0 : OK 0 : OK 1 0  : OK 1 0  : OK 3 -1 2 1 0 c1 1 0 c2
==
c1
c2
