OK : OK 10420 : JRAF_ERR no file system found [wroot/.jraf.sys/version]