JRAF_ERR no file system found [wroot/.jraf.sys/version]