OK /aaa/bbb : OK /aaa/ccc : OK 2 -1 2 1 -1 bbb 1 -1 ccc
==
bbb
ccc
