OK /aaa : OK 10 : OK 20 : OK 2 20 MTIzNDU2Nzg5MDEyMzQ1Njc4OTA=
==
bbb
