OK /.jraf.sys : OK 1 : OK 0 1 Kg== : OK /.jraf.sys/users : JRAF_FAIL system path