OK /.jraf.sys/a : OK 0 -1 0 : OK /.jraf.sys/users : JRAF_FAIL system path