OK /.jraf.sys/users : OK http://127.0.0.1:16000/jraf? : OK 0 -1 1 0 16 f82d3bb17612458c : OK : AUTH
==
34d3ae7c5e2cdebb
