OK /.jraf.sys/users : OK http://127.0.0.1:16000/jraf? : OK /.jraf.sys/a : OK 1 : OK 0 -1 0 : OK 0 1 Kg==
==
f82d3bb17612458c
