OK /.jraf.sys/users : JRAF_ERR arg required <server> or '*'