OK /.jraf.sys/users : OK http://127.0.0.1:16000/jraf? : OK http://127.0.0.1:16000/jraf? : OK : OK : JRAF_FAIL system path
==
login
users
5aeb1f6c5cd9c44a
f82d3bb17612458c
==
5aeb1f6c5cd9c44a
f82d3bb17612458c
