OK /.jraf.sys/users : OK http://127.0.0.1:16000/jraf? : OK 0 -1 1 0 16 f82d3bb17612458c : OK : OK http://127.0.0.1:16000/jraf? : OK 0 -1 1 0 16 5aeb1f6c5cd9c44a : OK
==
