OK /.jraf.sys/users : OK http://127.0.0.1:16000/jraf? : OK http://127.0.0.1:16000/jraf? : OK 1 : OK 1 1 Kg==
==
