OK /.jraf.sys/users : OK http://127.0.0.1:16000/jraf? : OK 0 -1 1 0 -1 204f03b4efdc5397 : OK 1 : OK 1 1 Kg==
==
204f03b4efdc5397
