OK /.jraf.sys/users : OK http://127.0.0.1:16000/jraf? : OK http://127.0.0.1:16000/jraf? : OK 0 -1 1 0 -1 admin@server.com : OK 0 -1 4 0 15 access 0 2 counter 0 6 quota 0 17 uname : OK 0 2 Mwo= : OK 0 6 MTAwMDAK : OK 0 17 MzRkM2FlN2M1ZTJjZGViYgo= : JRAF_FAIL system path
==
.jraf.sys/users/admin@server.com/access
