OK /.jraf.sys/users : OK http://127.0.0.1:16000/jraf? : JRAF_FAIL denied
==
home
